0 verbose cli /usr/local/bin/node /usr/local/bin/npm
1 info using npm@11.8.0
2 info using node@v24.13.1
3 silly config load:file:/usr/local/lib/node_modules/npm/npmrc
4 silly config load:file:/home/container/.npmrc
5 silly config load:file:/usr/local/etc/npmrc
6 verbose title npm list discord.js
7 verbose argv "list" "--omit" "peer" "--depth" "0" "discord.js"
8 verbose logfile logs-max:10 dir:/home/container/.npm/_logs/2026-05-13T23_56_36_728Z-
9 verbose logfile /home/container/.npm/_logs/2026-05-13T23_56_36_728Z-debug-0.log
10 silly logfile done cleaning log files
11 silly packumentCache heap:1973157888 maxSize:493289472 maxEntrySize:246644736
12 verbose shrinkwrap failed to load node_modules/.package-lock.json out of date, updated: node_modules
13 http fetch GET 200 https://registry.npmjs.org/npm 125ms
14 verbose cwd /home/container
15 verbose os Linux 5.15.0-177-generic
16 verbose node v24.13.1
17 verbose npm  v11.8.0
18 notice
18 notice New [33mminor[39m version of npm available! [33m11.8.0[39m -> [34m11.14.1[39m
18 notice Changelog: [34mhttps://github.com/npm/cli/releases/tag/v11.14.1[39m
18 notice To update run: [4mnpm install -g npm@11.14.1[24m
18 notice  { force: true, Symbol(proc-log.meta): true }
19 verbose exit 1
20 verbose code 1
